  鈻?Next.js 14.2.30
  - Environments: .env
  - Experiments (use with caution):
    路 instrumentationHook

   Creating an optimized production build ...
> [PWA] Compile server
> [PWA] Compile server
> [PWA] Compile client (static)
> [PWA] Auto register service worker with: C:\Users\404\Documents\GitHub\LunaTV\node_modules\.pnpm\next-pwa@5.6.0_@babel+core@_81f72fe58ef69b3dc8754870a4ea48e6\node_modules\next-pwa\register.js
> [PWA] Service worker: C:\Users\404\Documents\GitHub\LunaTV\public\sw.js
> [PWA]   url: /sw.js
> [PWA]   scope: /
node.exe : Browserslist
: browsers data (canius
e-lite) is 10 months ol
d. Please run:
所在位置 行:1 字符: 1
+ & "D:\nodejs/node.exe
" "D:\nodejs/node_modul
es/npm/bin/npx-cli.js" 
ne ...
+ ~~~~~~~~~~~~~~~~~~~~~
~~~~~~~~~~~~~~~~~~~~~~~
~~~~~~~~~~~~~~~~~~~~~~~
~~
    + CategoryInfo     
         : NotSpecifi  
  ed: (Browserslist:   
  b...ld. Please ru    
n::String) [], Rem    o
teException
    + FullyQualifiedEr 
   rorId : NativeComm  
  andError
 
  npx update-browsersli
st-db@latest
  Why you should do it 
regularly: https://gith
ub.com/browserslist/upd
ate-db#readme
 鉁?Compiled successfully
   Linting and checking validity of types ...

Failed to compile.

./src/app/api/admin/cus
tom_filter/route.ts
61:5  Warning: Unexpect
ed console statement.  
no-console

./src/app/api/cron/rout
e.ts
12:27  Warning: 'reques
t' is defined but never
 used. Allowed unused a
rgs must match /^_/u.  
unused-imports/no-unuse
d-vars
81:10  Error: Empty blo
ck statement.  no-empty
129:15  Warning: 'total
Records' is assigned a 
value but never used. A
llowed unused vars must
 match /^_/u.  unused-i
mports/no-unused-vars
163:13  Warning: 'proce
ssedRecords' is assigne
d a value but never use
d. Allowed unused vars 
must match /^_/u.  unus
ed-imports/no-unused-va
rs
178:15  Warning: 'total
Favorites' is assigned 
a value but never used.
 Allowed unused vars mu
st match /^_/u.  unused
-imports/no-unused-vars
209:13  Warning: 'proce
ssedFavorites' is assig
ned a value but never u
sed. Allowed unused var
s must match /^_/u.  un
used-imports/no-unused-
vars

./src/app/api/server-co
nfig/route.ts
10:27  Warning: 'reques
t' is defined but never
 used. Allowed unused a
rgs must match /^_/u.  
unused-imports/no-unuse
d-vars

./src/app/api/videolist
/route.ts
37:39  Warning: Unexpec
ted any. Specify a diff
erent type.  @typescrip
t-eslint/no-explicit-an
y
50:19  Warning: Unexpec
ted any. Specify a diff
erent type.  @typescrip
t-eslint/no-explicit-an
y
51:5  Warning: Unexpect
ed console statement.  
no-console

./src/app/settings/comp
onents/LocalSettings.ts
x
41:49  Warning: Unexpec
ted any. Specify a diff
erent type.  @typescrip
t-eslint/no-explicit-an
y
45:45  Warning: Unexpec
ted any. Specify a diff
erent type.  @typescrip
t-eslint/no-explicit-an
y
49:54  Warning: Unexpec
ted any. Specify a diff
erent type.  @typescrip
t-eslint/no-explicit-an
y
53:53  Warning: Unexpec
ted any. Specify a diff
erent type.  @typescrip
t-eslint/no-explicit-an
y
60:45  Warning: Unexpec
ted any. Specify a diff
erent type.  @typescrip
t-eslint/no-explicit-an
y
69:47  Warning: Unexpec
ted any. Specify a diff
erent type.  @typescrip
t-eslint/no-explicit-an
y
70:43  Warning: Unexpec
ted any. Specify a diff
erent type.  @typescrip
t-eslint/no-explicit-an
y
71:52  Warning: Unexpec
ted any. Specify a diff
erent type.  @typescrip
t-eslint/no-explicit-an
y
72:51  Warning: Unexpec
ted any. Specify a diff
erent type.  @typescrip
t-eslint/no-explicit-an
y
73:43  Warning: Unexpec
ted any. Specify a diff
erent type.  @typescrip
t-eslint/no-explicit-an
y

./src/app/settings/comp
onents/SourceManager.ts
x
56:19  Warning: Unexpec
ted any. Specify a diff
erent type.  @typescrip
t-eslint/no-explicit-an
y

./src/app/settings/page
.tsx
46:20  Warning: Unexpec
ted any. Specify a diff
erent type.  @typescrip
t-eslint/no-explicit-an
y

./src/components/Source
ManagerModal.tsx
91:19  Warning: Unexpec
ted any. Specify a diff
erent type.  @typescrip
t-eslint/no-explicit-an
y

./src/lib/douban.client
.ts
485:11  Warning: 'itera
tionValidDelta' is assi
gned a value but never 
used. Allowed unused va
rs must match /^_/u.  u
nused-imports/no-unused
-vars

info  - Need to disable
 some ESLint rules? Lea
rn more here: https://n
extjs.org/docs/basic-fe
atures/eslint#disabling
-rules
